// Vitest Snapshot v1, https://vitest.dev/guide/snapshot.html

exports[`<PlanetDetails /> > should render succesfully 1`] = `
{
  "asFragment": [Function],
  "baseElement": <body
    class="chakra-ui-dark"
  >
    <div>
      <div
        class="css-1v0rimr"
      >
        <div
          class="css-1wfn8fa"
        >
          <div
            class="css-1grmhqg"
          />
        </div>
        <div
          class="css-15h2xf5"
        >
          <div
            class="css-pg68t7"
          >
            <h2
              class="chakra-heading css-q8veze"
            >
              Planet: 
              Geonosis
            </h2>
          </div>
          <div
            class="css-17n3uhj"
          >
            <p
              class="chakra-text css-0"
            >
              Diameter: 
              11370
               
              <span
                class="css-1nvf5u9"
              >
                km
              </span>
            </p>
            <p
              class="chakra-text css-0"
            >
              Climate: 
              temperate, arid
            </p>
            <p
              class="chakra-text css-0"
            >
              Terrain: 
              rock, desert, mountain, barren
            </p>
            <p
              class="chakra-text css-0"
            >
              Population: 
              100000000000
            </p>
            <div
              class="css-1ayfwcb"
            >
              <h3
                class="chakra-heading css-1llz29a"
              >
                Residents
              </h3>
              <p
                class="chakra-text css-0"
              >
                There are no residents in this planet.
              </p>
            </div>
            <div
              class="css-1kxjbx2"
            >
              <a
                class="chakra-button css-1bvqs64"
                href="/11/edit"
              >
                Edit
                <span
                  class="chakra-button__icon css-1hzyiq5"
                >
                  <svg
                    aria-hidden="true"
                    class="chakra-icon css-onkibi"
                    focusable="false"
                    viewBox="0 0 24 24"
                  >
                    <g
                      fill="none"
                      stroke="currentColor"
                      stroke-linecap="round"
                      stroke-width="2"
                    >
                      <path
                        d="M11 4H4a2 2 0 0 0-2 2v14a2 2 0 0 0 2 2h14a2 2 0 0 0 2-2v-7"
                      />
                      <path
                        d="M18.5 2.5a2.121 2.121 0 0 1 3 3L12 15l-4 1 1-4 9.5-9.5z"
                      />
                    </g>
                  </svg>
                </span>
              </a>
              <button
                class="chakra-button css-1bvqs64"
                data-testid="remove-planet-btn"
                type="button"
              >
                Remove
                <span
                  class="chakra-button__icon css-1hzyiq5"
                >
                  <svg
                    aria-hidden="true"
                    class="chakra-icon css-onkibi"
                    focusable="false"
                    viewBox="0 0 24 24"
                  >
                    <g
                      fill="currentColor"
                    >
                      <path
                        d="M19.452 7.5H4.547a.5.5 0 00-.5.545l1.287 14.136A2 2 0 007.326 24h9.347a2 2 0 001.992-1.819L19.95 8.045a.5.5 0 00-.129-.382.5.5 0 00-.369-.163zm-9.2 13a.75.75 0 01-1.5 0v-9a.75.75 0 011.5 0zm5 0a.75.75 0 01-1.5 0v-9a.75.75 0 011.5 0zM22 4h-4.75a.25.25 0 01-.25-.25V2.5A2.5 2.5 0 0014.5 0h-5A2.5 2.5 0 007 2.5v1.25a.25.25 0 01-.25.25H2a1 1 0 000 2h20a1 1 0 000-2zM9 3.75V2.5a.5.5 0 01.5-.5h5a.5.5 0 01.5.5v1.25a.25.25 0 01-.25.25h-5.5A.25.25 0 019 3.75z"
                      />
                    </g>
                  </svg>
                </span>
              </button>
            </div>
          </div>
        </div>
      </div>
      <span
        hidden=""
        id="__chakra_env"
      />
    </div>
    <div
      class="chakra-portal"
    >
      <div
        aria-label="Notifications-top"
        aria-live="polite"
        id="chakra-toast-manager-top"
        role="region"
        style="position: fixed; z-index: var(--toast-z-index, 5500); pointer-events: none; display: flex; flex-direction: column; margin: 0px auto;"
      />
      <div
        aria-label="Notifications-top-left"
        aria-live="polite"
        id="chakra-toast-manager-top-left"
        role="region"
        style="position: fixed; z-index: var(--toast-z-index, 5500); pointer-events: none; display: flex; flex-direction: column;"
      />
      <div
        aria-label="Notifications-top-right"
        aria-live="polite"
        id="chakra-toast-manager-top-right"
        role="region"
        style="position: fixed; z-index: var(--toast-z-index, 5500); pointer-events: none; display: flex; flex-direction: column;"
      />
      <div
        aria-label="Notifications-bottom-left"
        aria-live="polite"
        id="chakra-toast-manager-bottom-left"
        role="region"
        style="position: fixed; z-index: var(--toast-z-index, 5500); pointer-events: none; display: flex; flex-direction: column;"
      />
      <div
        aria-label="Notifications-bottom"
        aria-live="polite"
        id="chakra-toast-manager-bottom"
        role="region"
        style="position: fixed; z-index: var(--toast-z-index, 5500); pointer-events: none; display: flex; flex-direction: column; margin: 0px auto;"
      />
      <div
        aria-label="Notifications-bottom-right"
        aria-live="polite"
        id="chakra-toast-manager-bottom-right"
        role="region"
        style="position: fixed; z-index: var(--toast-z-index, 5500); pointer-events: none; display: flex; flex-direction: column;"
      />
    </div>
  </body>,
  "container": <div>
    <div
      class="css-1v0rimr"
    >
      <div
        class="css-1wfn8fa"
      >
        <div
          class="css-1grmhqg"
        />
      </div>
      <div
        class="css-15h2xf5"
      >
        <div
          class="css-pg68t7"
        >
          <h2
            class="chakra-heading css-q8veze"
          >
            Planet: 
            Geonosis
          </h2>
        </div>
        <div
          class="css-17n3uhj"
        >
          <p
            class="chakra-text css-0"
          >
            Diameter: 
            11370
             
            <span
              class="css-1nvf5u9"
            >
              km
            </span>
          </p>
          <p
            class="chakra-text css-0"
          >
            Climate: 
            temperate, arid
          </p>
          <p
            class="chakra-text css-0"
          >
            Terrain: 
            rock, desert, mountain, barren
          </p>
          <p
            class="chakra-text css-0"
          >
            Population: 
            100000000000
          </p>
          <div
            class="css-1ayfwcb"
          >
            <h3
              class="chakra-heading css-1llz29a"
            >
              Residents
            </h3>
            <p
              class="chakra-text css-0"
            >
              There are no residents in this planet.
            </p>
          </div>
          <div
            class="css-1kxjbx2"
          >
            <a
              class="chakra-button css-1bvqs64"
              href="/11/edit"
            >
              Edit
              <span
                class="chakra-button__icon css-1hzyiq5"
              >
                <svg
                  aria-hidden="true"
                  class="chakra-icon css-onkibi"
                  focusable="false"
                  viewBox="0 0 24 24"
                >
                  <g
                    fill="none"
                    stroke="currentColor"
                    stroke-linecap="round"
                    stroke-width="2"
                  >
                    <path
                      d="M11 4H4a2 2 0 0 0-2 2v14a2 2 0 0 0 2 2h14a2 2 0 0 0 2-2v-7"
                    />
                    <path
                      d="M18.5 2.5a2.121 2.121 0 0 1 3 3L12 15l-4 1 1-4 9.5-9.5z"
                    />
                  </g>
                </svg>
              </span>
            </a>
            <button
              class="chakra-button css-1bvqs64"
              data-testid="remove-planet-btn"
              type="button"
            >
              Remove
              <span
                class="chakra-button__icon css-1hzyiq5"
              >
                <svg
                  aria-hidden="true"
                  class="chakra-icon css-onkibi"
                  focusable="false"
                  viewBox="0 0 24 24"
                >
                  <g
                    fill="currentColor"
                  >
                    <path
                      d="M19.452 7.5H4.547a.5.5 0 00-.5.545l1.287 14.136A2 2 0 007.326 24h9.347a2 2 0 001.992-1.819L19.95 8.045a.5.5 0 00-.129-.382.5.5 0 00-.369-.163zm-9.2 13a.75.75 0 01-1.5 0v-9a.75.75 0 011.5 0zm5 0a.75.75 0 01-1.5 0v-9a.75.75 0 011.5 0zM22 4h-4.75a.25.25 0 01-.25-.25V2.5A2.5 2.5 0 0014.5 0h-5A2.5 2.5 0 007 2.5v1.25a.25.25 0 01-.25.25H2a1 1 0 000 2h20a1 1 0 000-2zM9 3.75V2.5a.5.5 0 01.5-.5h5a.5.5 0 01.5.5v1.25a.25.25 0 01-.25.25h-5.5A.25.25 0 019 3.75z"
                    />
                  </g>
                </svg>
              </span>
            </button>
          </div>
        </div>
      </div>
    </div>
    <span
      hidden=""
      id="__chakra_env"
    />
  </div>,
  "debug": [Function],
  "findAllByAltText": [Function],
  "findAllByDisplayValue": [Function],
  "findAllByLabelText": [Function],
  "findAllByPlaceholderText": [Function],
  "findAllByRole": [Function],
  "findAllByTestId": [Function],
  "findAllByText": [Function],
  "findAllByTitle": [Function],
  "findByAltText": [Function],
  "findByDisplayValue": [Function],
  "findByLabelText": [Function],
  "findByPlaceholderText": [Function],
  "findByRole": [Function],
  "findByTestId": [Function],
  "findByText": [Function],
  "findByTitle": [Function],
  "getAllByAltText": [Function],
  "getAllByDisplayValue": [Function],
  "getAllByLabelText": [Function],
  "getAllByPlaceholderText": [Function],
  "getAllByRole": [Function],
  "getAllByTestId": [Function],
  "getAllByText": [Function],
  "getAllByTitle": [Function],
  "getByAltText": [Function],
  "getByDisplayValue": [Function],
  "getByLabelText": [Function],
  "getByPlaceholderText": [Function],
  "getByRole": [Function],
  "getByTestId": [Function],
  "getByText": [Function],
  "getByTitle": [Function],
  "queryAllByAltText": [Function],
  "queryAllByDisplayValue": [Function],
  "queryAllByLabelText": [Function],
  "queryAllByPlaceholderText": [Function],
  "queryAllByRole": [Function],
  "queryAllByTestId": [Function],
  "queryAllByText": [Function],
  "queryAllByTitle": [Function],
  "queryByAltText": [Function],
  "queryByDisplayValue": [Function],
  "queryByLabelText": [Function],
  "queryByPlaceholderText": [Function],
  "queryByRole": [Function],
  "queryByTestId": [Function],
  "queryByText": [Function],
  "queryByTitle": [Function],
  "rerender": [Function],
  "unmount": [Function],
}
`;
